<Attribute Name="Test" DataType="Boolean" Category="Writeable_UC_Lockable" Security="Operate" Locked="Unlocked" IsArray="false" ArrayCount="-1">
  <Value><![CDATA[False]]></Value>
</Attribute>